###############################################################################
#                                                                             #
# IAR ELF Linker V6.70.1.5641/W32 for ARM               20/Jul/2014  23:16:36 #
# Copyright 2007-2013 IAR Systems AB.                                         #
#                                                                             #
#    Output file  =  D:\Robotbase_Sen\TivaWare_C\projects\sensor_boards\mcu_t #
#                    m4c123gxl\usb_dev_serial\ewarm\Exe\usb_dev_serial.out    #
#    Map file     =  D:\Robotbase_Sen\TivaWare_C\projects\sensor_boards\mcu_t #
#                    m4c123gxl\usb_dev_serial\ewarm\List\usb_dev_serial.map   #
#    Command line =  D:\Robotbase_Sen\TivaWare_C\driverlib\ewarm\Exe\driverli #
#                    b.a D:\Robotbase_Sen\TivaWare_C\projects\sensor_boards\m #
#                    cu_tm4c123gxl\usb_dev_serial\ewarm\Obj\i2c_sensor.o      #
#                    D:\Robotbase_Sen\TivaWare_C\projects\sensor_boards\mcu_t #
#                    m4c123gxl\usb_dev_serial\ewarm\Obj\startup_ewarm.o       #
#                    D:\Robotbase_Sen\TivaWare_C\projects\sensor_boards\mcu_t #
#                    m4c123gxl\usb_dev_serial\ewarm\Obj\uartstdio.o           #
#                    D:\Robotbase_Sen\TivaWare_C\projects\sensor_boards\mcu_t #
#                    m4c123gxl\usb_dev_serial\ewarm\Obj\usb_dev_serial.o      #
#                    D:\Robotbase_Sen\TivaWare_C\projects\sensor_boards\mcu_t #
#                    m4c123gxl\usb_dev_serial\ewarm\Obj\usb_serial_structs.o  #
#                    D:\Robotbase_Sen\TivaWare_C\usblib\ewarm\Exe\usblib.a    #
#                    D:\Robotbase_Sen\TivaWare_C\projects\sensor_boards\mcu_t #
#                    m4c123gxl\usb_dev_serial\ewarm\Obj\ustdlib.o --redirect  #
#                    _Printf=_PrintfTiny --redirect _Scanf=_ScanfSmall -o     #
#                    D:\Robotbase_Sen\TivaWare_C\projects\sensor_boards\mcu_t #
#                    m4c123gxl\usb_dev_serial\ewarm\Exe\usb_dev_serial.out    #
#                    --map D:\Robotbase_Sen\TivaWare_C\projects\sensor_boards #
#                    \mcu_tm4c123gxl\usb_dev_serial\ewarm\List\usb_dev_serial #
#                    .map --config D:\Robotbase_Sen\TivaWare_C\projects\senso #
#                    r_boards\mcu_tm4c123gxl\usb_dev_serial\usb_dev_serial.ic #
#                    f --semihosting --entry __iar_program_start --vfe        #
#                                                                             #
#                                                                             #
###############################################################################

*******************************************************************************
*** RUNTIME MODEL ATTRIBUTES
***

CppFlavor       = *
__SystemLibrary = DLib


*******************************************************************************
*** PLACEMENT SUMMARY
***

"A1":  place at start of [0x00000000-0x0003ffff] { ro section .intvec };
"P1":  place in [from 0x00000000 to 0x0003ffff] { ro };
"P2":  place in [from 0x20000000 to 0x20007fff] { rw, block HEAP };

  Section            Kind        Address    Size  Object
  -------            ----        -------    ----  ------
"A1":                                      0x26c
  .intvec            const    0x00000000   0x26c  startup_ewarm.o [1]
                            - 0x0000026c   0x26c

"P1":                                     0x3dd4
  .text              ro code  0x0000026c   0x980  usbdenum.o [8]
  .text              ro code  0x00000bec   0x1bc  sysctl.o [4]
  .text              ro code  0x00000da8   0x3fa  usb.o [4]
  .text              ro code  0x000011a2    0x2e  copy_init3.o [6]
  .text              ro code  0x000011d0   0x478  usbdma.o [8]
  .text              ro code  0x00001648    0x6c  usbtick.o [8]
  .text              ro code  0x000016b4   0x154  interrupt.o [4]
  .text              ro code  0x00001808   0x14c  usbdcdesc.o [8]
  .text              ro code  0x00001954   0x224  usbdconfig.o [8]
  .text              ro code  0x00001b78    0x76  ABImemcpy_unaligned.o [6]
  .text              ro code  0x00001bee    0x22  zero_init3.o [6]
  .text              ro code  0x00001c10   0x11c  udma.o [4]
  .text              ro code  0x00001d2c    0x10  cpu.o [4]
  .text              ro code  0x00001d3c    0x54  usbdesc.o [8]
  .text              ro code  0x00001d90   0x828  usb_dev_serial.o [1]
  .text              ro code  0x000025b8    0x2a  strncmp.o [3]
  .text              ro code  0x000025e2   0x246  usbbuffer.o [8]
  .text              ro code  0x00002828     0xc  gpio.o [4]
  .text              ro code  0x00002834   0x754  usbdcdc.o [8]
  .text              ro code  0x00002f88    0x1c  usbmode.o [8]
  .text              ro code  0x00002fa4   0x570  i2c_sensor.o [1]
  .text              ro code  0x00003514    0x34  sprintf.o [3]
  .text              ro code  0x00003548   0x152  usbringbuf.o [8]
  .text              ro code  0x0000369a     0xa  xsprout.o [3]
  .text              ro code  0x000036a4    0x1c  I32ToDbl.o [5]
  .text              ro code  0x000036c0   0x1a2  DblMul.o [5]
  .text              ro code  0x00003864    0xe8  DblAdd.o [5]
  .text              ro code  0x0000394c    0x90  DblToFlt.o [5]
  .text              ro code  0x000039dc   0x144  xprintftiny.o [3]
  .text              ro code  0x00003b20   0x16c  DblSub.o [5]
  .text              ro code  0x00003c8c    0x36  strlen.o [6]
  .rodata            const    0x00003cc4    0x6c  usbdcdc.o [8]
  .rodata            const    0x00003d30    0x38  usb_serial_structs.o [1]
  .rodata            const    0x00003d68    0x2c  usb_dev_serial.o [1]
  .rodata            const    0x00003d94    0x2c  usb_serial_structs.o [1]
  .text              ro code  0x00003dc0    0x28  data_init.o [6]
  .rodata            const    0x00003de8    0x24  usb_serial_structs.o [1]
  .rodata            const    0x00003e0c    0x24  usb_serial_structs.o [1]
  .rodata            const    0x00003e30    0x24  usb_serial_structs.o [1]
  .rodata            const    0x00003e54    0x24  usb_serial_structs.o [1]
  .iar.init_table    const    0x00003e78    0x24  - Linker created -
  .text              ro code  0x00003e9c    0x1e  startup_ewarm.o [1]
  .text              ro code  0x00003eba     0xc  cstartup_M.o [6]
  .text              ro code  0x00003ec8    0x1a  fpinit_M.o [5]
  .text              ro code  0x00003ee4    0x1a  cmain.o [6]
  .text              ro code  0x00003efe     0x4  low_level_init.o [3]
  .text              ro code  0x00003f02     0x4  exit.o [3]
  .text              ro code  0x00003f08     0xa  cexit.o [6]
  .text              ro code  0x00003f14    0x14  exit.o [7]
  .rodata            const    0x00003f28    0x18  usb_serial_structs.o [1]
  .text              ro code  0x00003f40    0x18  usbdhandler.o [8]
  .rodata            const    0x00003f58    0x14  usb_serial_structs.o [1]
  .rodata            const    0x00003f6c    0x10  usb_dev_serial.o [1]
  .rodata            const    0x00003f7c     0xc  usb_dev_serial.o [1]
  .rodata            const    0x00003f88     0x4  usb_serial_structs.o [1]
  .rodata            const    0x00003f8c     0x0  zero_init3.o [6]
  .rodata            const    0x00003f8c     0x0  copy_init3.o [6]
  Initializer bytes  ro data  0x00003f8c    0xb4  <for P2 s0>
                            - 0x00004040  0x3dd4

"P2", part 1 of 3:                          0xb4
  P2 s0                       0x20000000    0xb4  <Init block>
    .data            inited   0x20000000    0x60  usb_serial_structs.o [1]
    .data            inited   0x20000060    0x20  usbdcdc.o [8]
    .data            inited   0x20000080    0x10  usbdcdc.o [8]
    .data            inited   0x20000090    0x10  usbmode.o [8]
    .data            inited   0x200000a0     0xc  usbdcdc.o [8]
    .data            inited   0x200000ac     0x8  usbdcdc.o [8]
                            - 0x200000b4    0xb4

"P2", part 2 of 3:                         0x5e8
  .bss               zero     0x200000b4   0x110  usbdma.o [8]
  .bss               zero     0x200001c4   0x100  usb_dev_serial.o [1]
  .bss               zero     0x200002c4   0x100  usb_serial_structs.o [1]
  .bss               zero     0x200003c4   0x100  usb_serial_structs.o [1]
  .bss               zero     0x200004c4    0x64  usb_dev_serial.o [1]
  .bss               zero     0x20000528    0x50  usb_dev_serial.o [1]
  .bss               zero     0x20000578    0x50  usbdenum.o [8]
  .bss               zero     0x200005c8    0x40  usbdenum.o [8]
  .bss               zero     0x20000608    0x38  usbtick.o [8]
  .bss               zero     0x20000640    0x18  usb_serial_structs.o [1]
  .bss               zero     0x20000658    0x18  usb_serial_structs.o [1]
  .bss               zero     0x20000670     0x4  usb_dev_serial.o [1]
  .bss               zero     0x20000674     0x4  usb_dev_serial.o [1]
  .bss               zero     0x20000678     0x4  usb_dev_serial.o [1]
  .bss               zero     0x2000067c     0x4  usb_dev_serial.o [1]
  .bss               zero     0x20000680     0x4  usb_dev_serial.o [1]
  .bss               zero     0x20000684     0x4  usb_dev_serial.o [1]
  .bss               zero     0x20000688     0x4  usb_dev_serial.o [1]
  .bss               zero     0x2000068c     0x4  usb_dev_serial.o [1]
  .bss               zero     0x20000690     0x4  usbtick.o [8]
  .bss               zero     0x20000694     0x1  i2c_sensor.o [1]
  .bss               zero     0x20000695     0x1  usb_dev_serial.o [1]
  .bss               zero     0x20000696     0x1  usb_dev_serial.o [1]
  .bss               zero     0x20000697     0x1  usb_dev_serial.o [1]
  .bss               zero     0x20000698     0x1  usb_dev_serial.o [1]
  .bss               zero     0x20000699     0x1  usb_dev_serial.o [1]
                            - 0x2000069a   0x5e6

"P2", part 3 of 3:                         0x400
  .noinit            uninit   0x2000069c   0x400  startup_ewarm.o [1]
                            - 0x20000a9c   0x400


*******************************************************************************
*** INIT TABLE
***

          Address     Size
          -------     ----
Zero (__iar_zero_init3)
    1 destination range, total size 0x5e6:
          0x200000b4  0x5e6

Copy (__iar_copy_init3)
    1 source range, total size 0xb4:
          0x00003f8c   0xb4
    1 destination range, total size 0xb4:
          0x20000000   0xb4



*******************************************************************************
*** MODULE SUMMARY
***

    Module                 ro code  ro data  rw data
    ------                 -------  -------  -------
D:\Robotbase_Sen\TivaWare_C\projects\sensor_boards\mcu_tm4c123gxl\usb_dev_serial\ewarm\Obj: [1]
    i2c_sensor.o             1 392                 1
    startup_ewarm.o             30      620    1 024
    usb_dev_serial.o         2 088       72      473
    usb_serial_structs.o                388      656
    ------------------------------------------------
    Total:                   3 510    1 080    2 154

command line: [2]
    ------------------------------------------------
    Total:

dl7M_tln.a: [3]
    exit.o                       4
    low_level_init.o             4
    sprintf.o                   52
    strncmp.o                   42
    xprintftiny.o              324
    xsprout.o                   10
    ------------------------------------------------
    Total:                     436

driverlib.a: [4]
    cpu.o                       16
    gpio.o                      12
    interrupt.o                340
    sysctl.o                   444
    udma.o                     284
    usb.o                    1 018
    ------------------------------------------------
    Total:                   2 114

m7M_tlv.a: [5]
    DblAdd.o                   232
    DblMul.o                   418
    DblSub.o                   364
    DblToFlt.o                 144
    I32ToDbl.o                  28
    fpinit_M.o                  26
    ------------------------------------------------
    Total:                   1 212

rt7M_tl.a: [6]
    ABImemcpy_unaligned.o      118
    cexit.o                     10
    cmain.o                     26
    copy_init3.o                46
    cstartup_M.o                12
    data_init.o                 40
    strlen.o                    54
    zero_init3.o                34
    ------------------------------------------------
    Total:                     340

shb_l.a: [7]
    exit.o                      20
    ------------------------------------------------
    Total:                      20

usblib.a: [8]
    usbbuffer.o                582
    usbdcdc.o                1 876      176       68
    usbdcdesc.o                332
    usbdconfig.o               548
    usbdenum.o               2 432               144
    usbdesc.o                   84
    usbdhandler.o               24
    usbdma.o                 1 144               272
    usbmode.o                   28       16       16
    usbringbuf.o               338
    usbtick.o                  108                60
    ------------------------------------------------
    Total:                   7 496      192      560

    Gaps                        10        2
    Linker created                       36
----------------------------------------------------
    Grand Total:            15 138    1 310    2 714


*******************************************************************************
*** ENTRY LIST
***

Entry                      Address   Size  Type      Object
-----                      -------   ----  ----      ------
?main                   0x00003ee5         Code  Gb  cmain.o [6]
CDCTickHandler          0x00002c97   0x7a  Code  Lc  usbdcdc.o [8]
CMD_REQ                 0x20000699    0x1  Data  Gb  usb_dev_serial.o [1]
CPUcpsid                0x00001d2d    0x8  Code  Gb  cpu.o [4]
CPUcpsie                0x00001d35    0x8  Code  Gb  cpu.o [4]
CheckForSerialStateChange
                        0x00001f47   0x3a  Code  Lc  usb_dev_serial.o [1]
ControlHandler          0x000021ff   0xdc  Code  Gb  usb_dev_serial.o [1]
DMAUSBIntHandler        0x0000122b   0x30  Code  Lc  usbdma.o [8]
DMAUSBIntStatusClear    0x0000121d    0xe  Code  Lc  usbdma.o [8]
DMAUSBStatus            0x00001577    0x4  Code  Lc  usbdma.o [8]
DeviceConsumedAllData   0x0000284d   0x18  Code  Lc  usbdcdc.o [8]
FaultISR                0x00003eb7    0x2  Code  Lc  startup_ewarm.o [1]
GPIOPinRead             0x00002829    0x6  Code  Gb  gpio.o [4]
GPIOPinWrite            0x0000282f    0x6  Code  Gb  gpio.o [4]
GetEPDescriptorType     0x00001971   0x46  Code  Lc  usbdconfig.o [8]
GetEndpointFIFOSize     0x00001955   0x1c  Code  Lc  usbdconfig.o [8]
GetLineCoding           0x00002119   0xa8  Code  Lc  usb_dev_serial.o [1]
HandleConfigChange      0x00002aab   0x2c  Code  Lc  usbdcdc.o [8]
HandleDevice            0x00002b25   0x62  Code  Lc  usbdcdc.o [8]
HandleDisconnect        0x00002c51   0x22  Code  Lc  usbdcdc.o [8]
HandleEP0Data           0x00002ad7   0x46  Code  Lc  usbdcdc.o [8]
HandleEndpoints         0x00002a5b   0x50  Code  Lc  usbdcdc.o [8]
HandleRequests          0x00002b87   0xb8  Code  Lc  usbdcdc.o [8]
HandleResume            0x00002c7f    0xc  Code  Lc  usbdcdc.o [8]
HandleRxAvailable       0x00002671   0xb2  Code  Lc  usbbuffer.o [8]
HandleSuspend           0x00002c73    0xc  Code  Lc  usbdcdc.o [8]
IntDefaultHandler       0x00003eb9    0x2  Code  Lc  startup_ewarm.o [1]
IntDisable              0x00001723   0x58  Code  Gb  interrupt.o [4]
IntEnable               0x000016cb   0x58  Code  Gb  interrupt.o [4]
IntIsEnabled            0x0000177b   0x5c  Code  Gb  interrupt.o [4]
IntMasterDisable        0x000016bd    0x6  Code  Gb  interrupt.o [4]
IntMasterEnable         0x000016b5    0x8  Code  Gb  interrupt.o [4]
InternalUSBRegisterTickHandler
                        0x00001665   0x24  Code  Gb  usbtick.o [8]
InternalUSBStartOfFrameTick
                        0x00001689   0x26  Code  Gb  usbtick.o [8]
InternalUSBTickInit     0x00001649   0x1c  Code  Gb  usbtick.o [8]
L_Receive_Buf           0x200004c4   0x64  Data  Gb  usb_dev_serial.o [1]
Mybuff                  0x20000528   0x50  Data  Gb  usb_dev_serial.o [1]
NextConfigDescGet       0x00001809   0x2e  Code  Lc  usbdcdesc.o [8]
NmiSR                   0x00003eb5    0x2  Code  Lc  startup_ewarm.o [1]
ProcessDataFromHost     0x00002963   0x5e  Code  Gb  usbdcdc.o [8]
ProcessDataToHost       0x00002a05   0x56  Code  Gb  usbdcdc.o [8]
ProcessNotificationToHost
                        0x000029cf   0x36  Code  Gb  usbdcdc.o [8]
Region$$Table$$Base     0x00003e78          --   Gb  - Linker created -
Region$$Table$$Limit    0x00003e9c          --   Gb  - Linker created -
ResetISR                0x00003e9d   0x14  Code  Gb  startup_ewarm.o [1]
RxHandler               0x000022e9   0x76  Code  Gb  usb_dev_serial.o [1]
SHT_Init                0x0000309b   0x2c  Code  Gb  i2c_sensor.o [1]
SHT_ReadByte            0x000031e9   0xe6  Code  Gb  i2c_sensor.o [1]
SHT_ReadSenSor          0x000032cf   0x52  Code  Gb  i2c_sensor.o [1]
SHT_ReadTemHumi         0x00003321  0x1a2  Code  Gb  i2c_sensor.o [1]
SHT_ResetConection      0x00002fa5   0xf6  Code  Gb  i2c_sensor.o [1]
SHT_Resolution          0x20000694    0x1  Data  Gb  i2c_sensor.o [1]
SHT_WriteByte           0x000030c7  0x122  Code  Gb  i2c_sensor.o [1]
ScheduleNextTransmission
                        0x000025e3   0x8e  Code  Lc  usbbuffer.o [8]
SendBreak               0x000021c1   0x3e  Code  Lc  usb_dev_serial.o [1]
SendBreak               0x00002865   0x3a  Code  Lc  usbdcdc.o [8]
SendLineCodingChange    0x0000289f   0x1e  Code  Lc  usbdcdc.o [8]
SendLineStateChange     0x000028bd   0x1e  Code  Lc  usbdcdc.o [8]
SendSerialState         0x000028db   0x88  Code  Lc  usbdcdc.o [8]
SetControlLineState     0x00002065    0x2  Code  Lc  usb_dev_serial.o [1]
SetDeferredOpFlag       0x00002835   0x18  Code  Lc  usbdcdc.o [8]
SetLineCoding           0x00002067   0xaa  Code  Lc  usb_dev_serial.o [1]
SysCtlClockGet          0x00000c49   0xc6  Code  Gb  sysctl.o [4]
SysCtlPeripheralEnable  0x00000c2d    0x8  Code  Gb  sysctl.o [4]
SysCtlPeripheralReset   0x00000bed   0x40  Code  Gb  sysctl.o [4]
SysCtlUSBPLLEnable      0x00000d0f    0xc  Code  Gb  sysctl.o [4]
SysTickIntHandler       0x00001fd5   0x2c  Code  Gb  usb_dev_serial.o [1]
TxHandler               0x000022db    0xe  Code  Gb  usb_dev_serial.o [1]
UIUsbcanReceive         0x00001d91  0x1b6  Code  Lc  usb_dev_serial.o [1]
USB0DeviceIntHandler    0x00003f41   0x18  Code  Gb  usbdhandler.o [8]
USBBufferDataAvailable  0x00002797    0x6  Code  Gb  usbbuffer.o [8]
USBBufferEventCallback  0x0000279d   0x8c  Code  Gb  usbbuffer.o [8]
USBBufferFlush          0x0000276b    0x6  Code  Gb  usbbuffer.o [8]
USBBufferInit           0x00002723   0x16  Code  Gb  usbbuffer.o [8]
USBBufferRead           0x00002771   0x26  Code  Gb  usbbuffer.o [8]
USBBufferWrite          0x00002739   0x32  Code  Gb  usbbuffer.o [8]
USBDCDCCompositeInit    0x00002d27   0x8e  Code  Gb  usbdcdc.o [8]
USBDCDCInit             0x00002db5   0x42  Code  Gb  usbdcdc.o [8]
USBDCDCPacketRead       0x00002e59   0x7e  Code  Gb  usbdcdc.o [8]
USBDCDCPacketWrite      0x00002e09   0x50  Code  Gb  usbdcdc.o [8]
USBDCDCRxPacketAvailable
                        0x00002ee7   0x32  Code  Gb  usbdcdc.o [8]
USBDCDCSerialStateChange
                        0x00002f21   0x2e  Code  Gb  usbdcdc.o [8]
USBDCDCTxPacketAvailable
                        0x00002ed7   0x10  Code  Gb  usbdcdc.o [8]
USBDCDConfigDescGet     0x0000187f   0x44  Code  Gb  usbdcdesc.o [8]
USBDCDConfigDescGetNum  0x00001855   0x2a  Code  Gb  usbdcdesc.o [8]
USBDCDConfigDescGetSize
                        0x00001837   0x1e  Code  Gb  usbdcdesc.o [8]
USBDCDConfigGetInterface
                        0x000018d1   0x4a  Code  Gb  usbdcdesc.o [8]
USBDCDConfigGetInterfaceEndpoint
                        0x00001923   0x32  Code  Gb  usbdcdesc.o [8]
USBDCDDeviceInfoInit    0x0000026d   0x1a  Code  Gb  usbdenum.o [8]
USBDCDInit              0x00000287   0xc8  Code  Gb  usbdenum.o [8]
USBDCDRequestDataEP0    0x0000034f   0x10  Code  Gb  usbdenum.o [8]
USBDCDSendDataEP0       0x0000035f    0xa  Code  Gb  usbdenum.o [8]
USBDCDStallEP0          0x0000036d   0x18  Code  Gb  usbdenum.o [8]
USBDClearFeature        0x0000057f   0x76  Code  Lc  usbdenum.o [8]
USBDEP0StateTx          0x00000935   0x66  Code  Lc  usbdenum.o [8]
USBDEP0StateTxConfig    0x0000099b  0x13e  Code  Lc  usbdenum.o [8]
USBDGetConfiguration    0x000007a9   0x22  Code  Lc  usbdenum.o [8]
USBDGetDescriptor       0x0000067b  0x128  Code  Lc  usbdenum.o [8]
USBDGetInterface        0x00000861   0x24  Code  Lc  usbdenum.o [8]
USBDGetStatus           0x0000052f   0x50  Code  Lc  usbdenum.o [8]
USBDReadAndDispatchRequest
                        0x000003cf   0x56  Code  Lc  usbdenum.o [8]
USBDSetAddress          0x00000661   0x1a  Code  Lc  usbdenum.o [8]
USBDSetConfiguration    0x000007db   0x7e  Code  Lc  usbdenum.o [8]
USBDSetDescriptor       0x000007a3    0x6  Code  Lc  usbdenum.o [8]
USBDSetFeature          0x000005ff   0x62  Code  Lc  usbdenum.o [8]
USBDSetInterface        0x0000089d   0x88  Code  Lc  usbdenum.o [8]
USBDSyncFrame           0x00000925    0x4  Code  Lc  usbdenum.o [8]
USBDescGet              0x00001d63   0x2e  Code  Gb  usbdesc.o [8]
USBDescGetNum           0x00001d3d   0x26  Code  Gb  usbdesc.o [8]
USBDevAddrSet           0x00000f3f    0x4  Code  Gb  usb.o [4]
USBDevConnect           0x00000f27    0xc  Code  Gb  usb.o [4]
USBDevDisconnect        0x00000f33    0xc  Code  Gb  usb.o [4]
USBDevEndpointConfigSet
                        0x00000f43   0x74  Code  Gb  usb.o [4]
USBDevEndpointDataAck   0x000010e5   0x20  Code  Gb  usb.o [4]
USBDevEndpointStall     0x00000eb7   0x30  Code  Gb  usb.o [4]
USBDevEndpointStallClear
                        0x00000ee7   0x40  Code  Gb  usb.o [4]
USBDevEndpointStatusClear
                        0x00000e69   0x4e  Code  Gb  usb.o [4]
USBDevMode              0x00001189    0x2  Code  Gb  usb.o [4]
USBDeviceConfig         0x000019b7  0x132  Code  Gb  usbdconfig.o [8]
USBDeviceConfigAlternate
                        0x00001af5   0x7e  Code  Gb  usbdconfig.o [8]
USBDeviceEnumHandler    0x00000429   0xca  Code  Gb  usbdenum.o [8]
USBDeviceEnumResetHandler
                        0x000004f3   0x3c  Code  Gb  usbdenum.o [8]
USBDeviceIntHandlerInternal
                        0x00000ad9   0xc8  Code  Gb  usbdenum.o [8]
USBDeviceResumeTickHandler
                        0x00000385   0x4a  Code  Gb  usbdenum.o [8]
USBEndpointDMAChannel   0x0000116f   0x1a  Code  Gb  usb.o [4]
USBEndpointDMAConfigSet
                        0x00000ff9   0x48  Code  Gb  usb.o [4]
USBEndpointDMADisable   0x00001061   0x20  Code  Gb  usb.o [4]
USBEndpointDMAEnable    0x00001041   0x20  Code  Gb  usb.o [4]
USBEndpointDataAvail    0x00001081   0x20  Code  Gb  usb.o [4]
USBEndpointDataGet      0x000010a1   0x44  Code  Gb  usb.o [4]
USBEndpointDataPut      0x00001105   0x30  Code  Gb  usb.o [4]
USBEndpointDataSend     0x0000113b   0x2c  Code  Gb  usb.o [4]
USBEndpointPacketCountSet
                        0x00001195    0xe  Code  Gb  usb.o [4]
USBEndpointStatus       0x00000e55    0xe  Code  Gb  usb.o [4]
USBFIFOAddrGet          0x00001167    0x8  Code  Gb  usb.o [4]
USBFIFOConfigSet        0x00000fb7   0x3c  Code  Gb  usb.o [4]
USBHostResume           0x00000dc3   0x14  Code  Gb  usb.o [4]
USBIntEnableControl     0x00000dd7   0x26  Code  Gb  usb.o [4]
USBIntEnableEndpoint    0x00000e2d   0x1a  Code  Gb  usb.o [4]
USBIntStatusControl     0x00000dfd   0x30  Code  Gb  usb.o [4]
USBIntStatusEndpoint    0x00000e47    0x6  Code  Gb  usb.o [4]
USBLibDMAInit           0x0000157b   0x84  Code  Gb  usbdma.o [8]
USBOTGMode              0x00001191    0x4  Code  Gb  usb.o [4]
USBRingBufAdvanceRead   0x00003611   0x1e  Code  Gb  usbringbuf.o [8]
USBRingBufAdvanceWrite  0x0000362f   0x36  Code  Gb  usbringbuf.o [8]
USBRingBufContigFree    0x000035c3   0x1c  Code  Gb  usbringbuf.o [8]
USBRingBufContigUsed    0x000035b1   0x12  Code  Gb  usbringbuf.o [8]
USBRingBufFlush         0x00003575   0x1a  Code  Gb  usbringbuf.o [8]
USBRingBufFree          0x000035a3    0xe  Code  Gb  usbringbuf.o [8]
USBRingBufInit          0x0000368f    0xc  Code  Gb  usbringbuf.o [8]
USBRingBufRead          0x000035f5   0x1c  Code  Gb  usbringbuf.o [8]
USBRingBufReadOne       0x000035df   0x16  Code  Gb  usbringbuf.o [8]
USBRingBufUsed          0x0000358f   0x14  Code  Gb  usbringbuf.o [8]
USBRingBufWrite         0x00003673   0x1c  Code  Gb  usbringbuf.o [8]
USBRingBufWriteOne      0x00003665    0xe  Code  Gb  usbringbuf.o [8]
USBStackModeSet         0x00002f89   0x18  Code  Gb  usbmode.o [8]
USBUARTIntHandler       0x00002001   0x5e  Code  Gb  usb_dev_serial.o [1]
USBUARTPrimeTransmit    0x00001f81   0x54  Code  Lc  usb_dev_serial.o [1]
UpdateIndexAtomic       0x00003549   0x2c  Code  Lc  usbringbuf.o [8]
Usb_Read_Num            0x2000068c    0x4  Data  Gb  usb_dev_serial.o [1]
Usb_Rec_Buff            0x200001c4  0x100  Data  Gb  usb_dev_serial.o [1]
Usb_Write_Num           0x20000688    0x4  Data  Gb  usb_dev_serial.o [1]
_PrintfTiny             0x000039f5  0x12c  Code  Gb  xprintftiny.o [3]
_SProut                 0x0000369b    0xa  Code  Gb  xsprout.o [3]
_USBIndexWrite          0x00000da9   0x1a  Code  Lc  usb.o [4]
__aeabi_d2f             0x0000394d         Code  Gb  DblToFlt.o [5]
__aeabi_dadd            0x00003865         Code  Gb  DblAdd.o [5]
__aeabi_dmul            0x000036c1         Code  Gb  DblMul.o [5]
__aeabi_ui2d            0x000036a5         Code  Gb  I32ToDbl.o [5]
__cmain                 0x00003ee5         Code  Gb  cmain.o [6]
__exit                  0x00003f15   0x14  Code  Gb  exit.o [7]
__iar_copy_init3        0x000011a3   0x2e  Code  Gb  copy_init3.o [6]
__iar_dadd              0x00003879         Code  Gb  DblAdd.o [5]
__iar_data_init3        0x00003dc1   0x28  Code  Gb  data_init.o [6]
__iar_dsub              0x00003b21         Code  Gb  DblSub.o [5]
__iar_dsubStart         0x00003b33         Code  Gb  DblSub.o [5]
__iar_init_vfp          0x00003ec9         Code  Gb  fpinit_M.o [5]
__iar_program_start     0x00003ebb         Code  Gb  cstartup_M.o [6]
__iar_ui2d              0x000036a9         Code  Gb  I32ToDbl.o [5]
__iar_unaligned___aeabi_memcpy
                        0x00001b79         Code  Gb  ABImemcpy_unaligned.o [6]
__iar_unaligned___aeabi_memcpy4
                        0x00001b99         Code  Gb  ABImemcpy_unaligned.o [6]
__iar_unaligned___aeabi_memcpy8
                        0x00001b99         Code  Gb  ABImemcpy_unaligned.o [6]
__iar_zero_init3        0x00001bef   0x22  Code  Gb  zero_init3.o [6]
__low_level_init        0x00003eff    0x4  Code  Gb  low_level_init.o [3]
__vector_table          0x00000000  0x26c  Data  Gb  startup_ewarm.o [1]
_call_main              0x00003ef1         Code  Gb  cmain.o [6]
_exit                   0x00003f09         Code  Gb  cexit.o [6]
_main                   0x00003efb         Code  Gb  cmain.o [6]
count_str               0x20000697    0x1  Data  Gb  usb_dev_serial.o [1]
do_am                   0x20000684    0x4  Data  Gb  usb_dev_serial.o [1]
exit                    0x00003f03    0x4  Code  Gb  exit.o [3]
g_Sen_Get_Data          0x20000696    0x1  Data  Lc  usb_dev_serial.o [1]
g_bSendingBreak         0x20000695    0x1  Data  Lc  usb_dev_serial.o [1]
g_bUSBConfigured        0x20000698    0x1  Data  Lc  usb_dev_serial.o [1]
g_bUSBTimerInitialized  0x20000608    0x1  Data  Gb  usbtick.o [8]
g_eOTGModeState         0x20000091    0x1  Data  Gb  usbmode.o [8]
g_iDualMode             0x20000092    0x1  Data  Lc  usbmode.o [8]
g_iUSBMode              0x20000090    0x1  Data  Gb  usbmode.o [8]
g_pCDCCompSerConfigDescriptors
                        0x00002f54    0x4  Data  Gb  usbdcdc.o [8]
g_pcStatus              0x2000067c    0x4  Data  Gb  usb_dev_serial.o [1]
g_pfnTickHandlers       0x2000060c   0x18  Data  Gb  usbtick.o [8]
g_pfnUSBModeCallback    0x2000009c    0x4  Data  Lc  usbmode.o [8]
g_ppCDCSerConfigDescriptors
                        0x00002f50    0x4  Data  Gb  usbdcdc.o [8]
g_ppsDevInfo            0x200005c0    0x4  Data  Gb  usbdenum.o [8]
g_ppui8StringDescriptors
                        0x00003f28   0x18  Data  Gb  usb_serial_structs.o [1]
g_psCDCCompSerSections  0x20000080   0x10  Data  Gb  usbdcdc.o [8]
g_psCDCSerSections      0x200000a0    0xc  Data  Gb  usbdcdc.o [8]
g_psDCDInst             0x20000578   0x48  Data  Gb  usbdenum.o [8]
g_psUSBDMAInst          0x200000b4  0x110  Data  Lc  usbdma.o [8]
g_psUSBDStdRequests     0x00000bb8   0x34  Data  Lc  usbdenum.o [8]
g_pui32Dii16Regs        0x000017f4   0x14  Data  Lc  interrupt.o [4]
g_pui32EnRegs           0x000017e0   0x14  Data  Lc  interrupt.o [4]
g_pui32Xtals            0x00000d3c   0x6c  Data  Lc  sysctl.o [4]
g_pui8CDCSerCommInterface
                        0x00003cd4   0x24  Data  Gb  usbdcdc.o [8]
g_pui8CDCSerDataInterface
                        0x00003d00   0x18  Data  Gb  usbdcdc.o [8]
g_pui8CDCSerDescriptor  0x20000060    0xc  Data  Gb  usbdcdc.o [8]
g_pui8CDCSerDeviceDescriptor
                        0x2000006c   0x14  Data  Gb  usbdcdc.o [8]
g_pui8ConfigString      0x00003d30   0x38  Data  Gb  usb_serial_structs.o [1]
g_pui8ControlInterfaceString
                        0x00003d94   0x2c  Data  Gb  usb_serial_structs.o [1]
g_pui8DataBufferIn      0x200005c8   0x40  Data  Lc  usbdenum.o [8]
g_pui8IADSerDescriptor  0x200000ac    0x8  Data  Gb  usbdcdc.o [8]
g_pui8LangDescriptor    0x00003f88    0x4  Data  Gb  usb_serial_structs.o [1]
g_pui8ManufacturerString
                        0x00003de8   0x24  Data  Gb  usb_serial_structs.o [1]
g_pui8ProductString     0x00003e0c   0x24  Data  Gb  usb_serial_structs.o [1]
g_pui8RxBufferWorkspace
                        0x20000640   0x18  Data  Gb  usb_serial_structs.o [1]
g_pui8SerialNumberString
                        0x00003f58   0x14  Data  Gb  usb_serial_structs.o [1]
g_pui8TxBufferWorkspace
                        0x20000658   0x18  Data  Gb  usb_serial_structs.o [1]
g_pui8USBRxBuffer       0x200002c4  0x100  Data  Gb  usb_serial_structs.o [1]
g_pui8USBTxBuffer       0x200003c4  0x100  Data  Gb  usb_serial_structs.o [1]
g_pvTickInstance        0x20000624   0x18  Data  Gb  usbtick.o [8]
g_sCDCCompSerConfigHeader
                        0x00003d28    0x8  Data  Gb  usbdcdc.o [8]
g_sCDCDevice            0x20000000   0x60  Data  Gb  usb_serial_structs.o [1]
g_sCDCHandlers          0x00002f58   0x30  Data  Gb  usbdcdc.o [8]
g_sCDCSerCommInterfaceSection
                        0x00003cf8    0x8  Data  Gb  usbdcdc.o [8]
g_sCDCSerConfigHeader   0x00003d20    0x8  Data  Gb  usbdcdc.o [8]
g_sCDCSerConfigSection  0x00003cc4    0x8  Data  Gb  usbdcdc.o [8]
g_sCDCSerDataInterfaceSection
                        0x00003d18    0x8  Data  Gb  usbdcdc.o [8]
g_sIADSerConfigSection  0x00003ccc    0x8  Data  Gb  usbdcdc.o [8]
g_sRxBuffer             0x00003e30   0x24  Data  Gb  usb_serial_structs.o [1]
g_sTxBuffer             0x00003e54   0x24  Data  Gb  usb_serial_structs.o [1]
g_ui32CurrentUSBTick    0x2000063c    0x4  Data  Gb  usbtick.o [8]
g_ui32Flags             0x20000678    0x4  Data  Gb  usb_dev_serial.o [1]
g_ui32PollRate          0x20000094    0x4  Data  Gb  usbmode.o [8]
g_ui32SysTickCount      0x20000674    0x4  Data  Gb  usb_dev_serial.o [1]
g_ui32UARTTxCount       0x20000670    0x4  Data  Gb  usb_dev_serial.o [1]
g_ui32USBSOFCount       0x20000690    0x4  Data  Gb  usbtick.o [8]
g_ui32WaitTicks         0x20000098    0x4  Data  Gb  usbmode.o [8]
main                    0x0000235f  0x1c4  Code  Gb  usb_dev_serial.o [1]
nhiet_do                0x20000680    0x4  Data  Gb  usb_dev_serial.o [1]
out                     0x000039dd   0x18  Code  Lc  xprintftiny.o [3]
pui32Stack              0x2000069c  0x400  Data  Lc  startup_ewarm.o [1]
sprintf                 0x00003515   0x34  Code  Gb  sprintf.o [3]
strlen                  0x00003c8d         Code  Gb  strlen.o [6]
strncmp                 0x000025b9   0x2a  Code  Gb  strncmp.o [3]
uDMAChannelAttributeDisable
                        0x00001c31   0x26  Code  Gb  udma.o [4]
uDMAChannelControlSet   0x00001c57   0x18  Code  Gb  udma.o [4]
uDMAChannelDisable      0x00001c21   0x10  Code  Gb  udma.o [4]
uDMAChannelEnable       0x00001c11   0x10  Code  Gb  udma.o [4]
uDMAChannelModeGet      0x00001ced   0x28  Code  Gb  udma.o [4]
uDMAChannelTransferSet  0x00001c6f   0x7e  Code  Gb  udma.o [4]
uDMAUSBArbSizeSet       0x0000150f   0x60  Code  Lc  usbdma.o [8]
uDMAUSBChannelAllocate  0x000013c5   0xa6  Code  Lc  usbdma.o [8]
uDMAUSBChannelDisable   0x000012ad   0x46  Code  Lc  usbdma.o [8]
uDMAUSBChannelEnable    0x0000125b   0x52  Code  Lc  usbdma.o [8]
uDMAUSBChannelIntDisable
                        0x00001301    0x2  Code  Lc  usbdma.o [8]
uDMAUSBChannelIntEnable
                        0x000012ff    0x2  Code  Lc  usbdma.o [8]
uDMAUSBChannelRelease   0x0000146b   0x5a  Code  Lc  usbdma.o [8]
uDMAUSBChannelStatus    0x000011d1   0x22  Code  Lc  usbdma.o [8]
uDMAUSBIntStatus        0x000011f3   0x2a  Code  Lc  usbdma.o [8]
uDMAUSBTransfer         0x00001303   0xa6  Code  Lc  usbdma.o [8]
uDMAUSBUnitSizeSet      0x000014c5   0x4a  Code  Lc  usbdma.o [8]


[1] = D:\Robotbase_Sen\TivaWare_C\projects\sensor_boards\mcu_tm4c123gxl\usb_dev_serial\ewarm\Obj
[2] = command line
[3] = dl7M_tln.a
[4] = driverlib.a
[5] = m7M_tlv.a
[6] = rt7M_tl.a
[7] = shb_l.a
[8] = usblib.a

  15 138 bytes of readonly  code memory
   1 310 bytes of readonly  data memory
   2 714 bytes of readwrite data memory

Errors: none
Warnings: none
